

Working Directory = /escnfs/courses/fa24-cse-30342.01/dropbox/dmikolay/VLSI
QoS Summary for controller
==========================================================================================
Metric                          generic         map             syn_opt         final          
==========================================================================================
Slack (ps):                     5,614           4,699           4,567           4,567
  R2R (ps):                  no_value        no_value        no_value        no_value
  I2R (ps):                  no_value        no_value        no_value        no_value
  R2O (ps):                     5,614           4,699           4,567           4,567
  I2O (ps):                     7,226           7,670           7,670           7,670
  CG  (ps):                  no_value        no_value        no_value        no_value
TNS (ps):                           0               0               0               0
  R2R (ps):                  no_value        no_value        no_value        no_value
  I2R (ps):                  no_value        no_value        no_value        no_value
  R2O (ps):                         0               0               0               0
  I2O (ps):                         0               0               0               0
  CG  (ps):                  no_value        no_value        no_value        no_value
Failing Paths:                      0               0               0               0
Cell Area:                     41,681          32,141          31,687          31,687
Total Cell Area:               41,681          32,141          31,687          31,687
Leaf Instances:                   130             113             108             108
Total Instances:                  130             113             108             108
Utilization (%):                 0.00            0.00            0.00            0.00
Tot. Net Length (um):        no_value        no_value        no_value        no_value
Avg. Net Length (um):        no_value        no_value        no_value        no_value
Route Overflow H (%):        no_value        no_value        no_value        no_value
Route Overflow V (%):        no_value        no_value        no_value        no_value
MBCI(%) (bits/gate) :            0.00            0.00            0.00            0.00
Norm Cong Hotspot Area:
  Max Cong:                  no_value        no_value        no_value        no_value
  Tot Cong:                  no_value        no_value        no_value        no_value
==========================================================================================
CPU  Runtime (h:m:s):        00:00:04        00:00:01        00:00:00        00:00:00
Real Runtime (h:m:s):        00:00:05        00:00:01        00:00:01        00:00:00
CPU  Elapsed (h:m:s):        00:00:10        00:00:11        00:00:11        00:00:11
Real Elapsed (h:m:s):        00:00:07        00:00:08        00:00:09        00:00:09
Memory (MB):                   621.95          623.77          620.77          620.77
==========================================================================================
==========================================================================================
Flow Settings:
==========================================================================================
Total Runtime (h:m:s): 00:00:08
Total Memory (MB):     620.77
Executable Version:    17.24-s038_1
==========================================================================================
Total Cell Area =  Cell Area + Physical Cell Area
Total Instances =  Leaf Instances + Physical Instances


